// Jest Snapshot v1, https://goo.gl/fbAQLP

exports[`<RequestReset /> renders and matches snapshot 1`] = `
Array [
  <Form
    data-test="RequestRest"
    method="post"
    onSubmit={[Function]}
  >
    <form
      className="Form-sc-1xszr8q-0 krRxky"
      data-test="RequestRest"
      method="post"
      onSubmit={[Function]}
    >
      <fieldset
        aria-busy={false}
        disabled={false}
      >
        <h2>
          Request a Password Reset
        </h2>
        <DisplayError
          error={Object {}}
        />
        <label
          htmlFor="email"
        >
          Email
          <input
            name="email"
            onChange={[Function]}
            placeholder="Email"
            type="email"
            value=""
          />
        </label>
        <button
          type="submit"
        >
          Reset Password
        </button>
      </fieldset>
    </form>
  </Form>,
  <form
    className="Form-sc-1xszr8q-0 krRxky"
    data-test="RequestRest"
    method="post"
    onSubmit={[Function]}
  >
    <fieldset
      aria-busy={false}
      disabled={false}
    >
      <h2>
        Request a Password Reset
      </h2>
      <DisplayError
        error={Object {}}
      />
      <label
        htmlFor="email"
      >
        Email
        <input
          name="email"
          onChange={[Function]}
          placeholder="Email"
          type="email"
          value=""
        />
      </label>
      <button
        type="submit"
      >
        Reset Password
      </button>
    </fieldset>
  </form>,
]
`;
